
> vite-react-typescript-starter@0.0.0 typecheck
> tsc --noEmit -p tsconfig.app.json

src/main.tsx(1,1): error TS6133: 'StrictMode' is declared but its value is never read.
src/pages/QuestionDetail.tsx(561,26): error TS2304: Cannot find name 'User'.
src/pages/QuestionDetail.tsx(622,26): error TS2304: Cannot find name 'User'.
